// Jest Snapshot v1, https://goo.gl/fbAQLP

exports[`Modal Error Deverá renderizar o modal de error 1`] = `
.c5 {
  display: inline-block;
  vertical-align: middle;
  overflow: hidden;
}

.c0 {
  background-color: rgba(0,0,0,0.3);
  position: absolute;
  top: 0;
  right: 0;
  width: 100%;
  height: 100%;
  display: -webkit-box;
  display: -webkit-flex;
  display: -ms-flexbox;
  display: flex;
  -webkit-box-pack: center;
  -webkit-justify-content: center;
  -ms-flex-pack: center;
  justify-content: center;
  -webkit-align-items: center;
  -webkit-box-align: center;
  -ms-flex-align: center;
  align-items: center;
  z-index: 10;
}

.c1 {
  width: 100%;
  max-width: 42rem;
  height: 15rem;
  padding: 1.3rem;
  background-color: #FFFAFA;
  border-radius: 5px;
  display: -webkit-box;
  display: -webkit-flex;
  display: -ms-flexbox;
  display: flex;
  -webkit-flex-direction: column;
  -ms-flex-direction: column;
  flex-direction: column;
  -webkit-box-pack: start;
  -webkit-justify-content: flex-start;
  -ms-flex-pack: start;
  justify-content: flex-start;
  -webkit-align-items: flex-start;
  -webkit-box-align: flex-start;
  -ms-flex-align: flex-start;
  align-items: flex-start;
}

.c2 {
  width: 100%;
  display: -webkit-box;
  display: -webkit-flex;
  display: -ms-flexbox;
  display: flex;
  -webkit-align-items: center;
  -webkit-box-align: center;
  -ms-flex-align: center;
  align-items: center;
  -webkit-box-pack: justify;
  -webkit-justify-content: space-between;
  -ms-flex-pack: justify;
  justify-content: space-between;
  padding: 1rem 0;
}

.c3 {
  font: 600 2rem 'Open Sans',sans-serif;
}

.c4 {
  border: none;
  border-radius: 50%;
  display: -webkit-box;
  display: -webkit-flex;
  display: -ms-flexbox;
  display: flex;
  -webkit-box-pack: center;
  -webkit-justify-content: center;
  -ms-flex-pack: center;
  justify-content: center;
  -webkit-align-items: center;
  -webkit-box-align: center;
  -ms-flex-align: center;
  align-items: center;
  padding: 0.5rem;
  color: #FFFAFA;
  background-color: #24282E;
  -webkit-transition: 0.2s ease-in-out;
  transition: 0.2s ease-in-out;
  cursor: pointer;
}

.c4:hover {
  background-color: #ed5140;
}

.c6 {
  line-height: 1.5;
}

<div
  class="c0"
  role="dialog"
>
  <div
    class="c1"
    role="document"
  >
    <header
      class="c2"
    >
      <h3
        class="c3"
      >
        Ops! Algo está errado
      </h3>
      <button
        class="c4"
        data-testid="button-close-modal"
        type="button"
      >
        <svg
          class="c5"
          fill="currentColor"
          focusable="false"
          height="24"
          role="img"
          viewBox="0 0 24 24"
          width="24"
          xmlns="http://www.w3.org/2000/svg"
        >
          <title>
            Ícone de X
          </title>
          <path
            d="M0 0h24v24H0z"
            fill="none"
          />
          <path
            d="M19 6.41L17.59 5 12 10.59 6.41 5 5 6.41 10.59 12 5 17.59 6.41 19 12 13.41 17.59 19 19 17.59 13.41 12z"
          />
        </svg>
      </button>
    </header>
    <p
      class="c6"
    >
      Preencha um campo válido
    </p>
  </div>
</div>
`;
